[
    {
        "error": "Type name glurp is not a known, or registered type.",
        "errorLevel": "error",
        "loc": {
            "start": {
                "line": 8,
                "column": 15
            },
            "end": {
                "line": 8,
                "column": 22
            }
        }
    },
    {
        "error": "Type name slurm is not a known, or registered type.",
        "errorLevel": "error",
        "loc": {
            "start": {
                "line": 9,
                "column": 23
            },
            "end": {
                "line": 9,
                "column": 30
            }
        }
    },
    {
        "error": "Unable to verify non-string type information",
        "errorLevel": "warn",
        "loc": {
            "start": {
                "line": 13,
                "column": 30
            },
            "end": {
                "line": 13,
                "column": 38
            }
        }
    },
    {
        "error": "Type name flarb is not a known, or registered type.",
        "errorLevel": "error",
        "loc": {
            "start": {
                "line": 14,
                "column": 32
            },
            "end": {
                "line": 14,
                "column": 39
            }
        }
    },
    {
        "error": "Type name florp is not a known, or registered type.",
        "errorLevel": "error",
        "loc": {
            "start": {
                "line": 20,
                "column": 9
            },
            "end": {
                "line": 20,
                "column": 16
            }
        }
    },
    {
        "error": "Unable to verify non-string type information",
        "errorLevel": "warn",
        "loc": {
            "start": {
                "line": 21,
                "column": 10
            },
            "end": {
                "line": 21,
                "column": 20
            }
        }
    },
    {
        "error": "The given type \"foo\" does not exist",
        "errorLevel": "error",
        "loc": {
            "start": {
                "line": 29,
                "column": 8
            },
            "end": {
                "line": 29,
                "column": 30
            }
        }
    }
]
