[
    {
        "error": "Unable to verify non-string type information",
        "errorLevel": "warn",
        "loc": {
            "start": {
                "line": 13,
                "column": 30
            },
            "end": {
                "line": 13,
                "column": 38
            }
        }
    },
    {
        "error": "Unable to verify non-string type information",
        "errorLevel": "warn",
        "loc": {
            "start": {
                "line": 24,
                "column": 10
            },
            "end": {
                "line": 24,
                "column": 20
            }
        }
    }
]
